[1m[4mfilepath[0m[1m[4m [0m
stdin.5  
stdin.7  
[1mstdin.8  [0m
[1mstdin.6  [0m
